// Jest Snapshot v1, https://goo.gl/fbAQLP

exports[`matches snapshot 1`] = `
<section
  className="board"
  style={
    {
      "background": "#0e1226",
      "borderRadius": 12,
      "color": "#dfe4ff",
      "padding": 20,
    }
  }
>
  <h2
    style={
      {
        "fontSize": 18,
        "margin": "0 0 4px",
      }
    }
  >
    🫁 Life Support Telemetry
  </h2>
  <p
    style={
      {
        "color": "#5d6690",
        "fontSize": 12,
        "margin": "0 0 16px",
      }
    }
  >
    StationOS environmental readings
  </p>
  <div
    style={
      {
        "display": "grid",
        "gap": 12,
        "gridTemplateColumns": "repeat(auto-fill, minmax(240px, 1fr))",
      }
    }
  >
    <div
      className="module"
      style={
        {
          "border": "1px solid #1c2340",
          "borderRadius": 10,
          "padding": 12,
        }
      }
    >
      <h3
        style={
          {
            "display": "flex",
            "fontSize": 14,
            "justifyContent": "space-between",
            "margin": "0 0 2px",
          }
        }
      >
        Life Support Ring B
        <span
          style={
            {
              "background": "#d9a514",
              "borderRadius": "50%",
              "display": "inline-block",
              "height": 9,
              "width": 9,
            }
          }
        />
      </h3>
      <div
        style={
          {
            "color": "#5d6690",
            "fontSize": 11,
            "marginBottom": 8,
          }
        }
      >
        RING-B
         · 
        LIFE_SUPPORT
      </div>
      <div
        className="metric"
        style={
          {
            "display": "flex",
            "fontSize": 12,
            "justifyContent": "space-between",
            "padding": "3px 0",
          }
        }
      >
        <span
          style={
            {
              "color": "#8b93b5",
            }
          }
        >
          O2_PARTIAL_PRESSURE
        </span>
        <span
          style={
            {
              "color": "#2e9e6b",
            }
          }
        >
          21.2 kPa
        </span>
      </div>
      <div
        className="metric"
        style={
          {
            "display": "flex",
            "fontSize": 12,
            "justifyContent": "space-between",
            "padding": "3px 0",
          }
        }
      >
        <span
          style={
            {
              "color": "#8b93b5",
            }
          }
        >
          CO2_PPM
        </span>
        <span
          style={
            {
              "color": "#d9a514",
            }
          }
        >
          640 ppm
        </span>
      </div>
    </div>
  </div>
</section>
`;
